#
# Copyright 2016 Red Hat, Inc.
#
# Red Hat licenses this file to you under the Apache License, version
# 2.0 (the "License"); you may not use this file except in compliance
# with the License.  You may obtain a copy of the License at
#
#     http://www.apache.org/licenses/LICENSE-2.0
#
# Unless required by applicable law or agreed to in writing, software
# distributed under the License is distributed on an "AS IS" BASIS,
# WITHOUT WARRANTIES OR CONDITIONS OF ANY KIND, either express or
# implied.  See the License for the specific language governing
# permissions and limitations under the License.
#

---
apiVersion: v1
kind: List
items:
- apiVersion: v1
  kind: Service
  metadata:
    annotations:
      jshift.io/git-commit: "@ignore@"
      prometheus.io/scrape: "true"
      jshift.io/git-branch: "@ignore@"
      prometheus.io/port: "9779"
    labels:
      expose: "true"
      provider: jshift
      app: jshift-maven-sample-sidecar
      version: "@ignore@"
      group: io.jshift
    name: jshift-maven-sample-sidecar
  spec:
    ports:
    - name: http
      port: 8080
      protocol: TCP
      targetPort: 8080
    selector:
      app: jshift-maven-sample-sidecar
      provider: jshift
      group: io.jshift
- apiVersion: apps.openshift.io/v1
  kind: DeploymentConfig
  metadata:
    annotations:
      jshift.io/git-commit: "@ignore@"
      jshift.io/git-branch: "@ignore@"
    labels:
      provider: jshift
      app: jshift-maven-sample-sidecar
      version: "@ignore@"
      group: io.jshift
    name: jshift-maven-sample-sidecar
  spec:
    replicas: 1
    selector:
      app: jshift-maven-sample-sidecar
      provider: jshift
      group: io.jshift
    template:
      metadata:
        annotations:
          jshift.io/git-commit: "@ignore@"
          jshift.io/git-branch: "@ignore@"
        labels:
          provider: jshift
          app: jshift-maven-sample-sidecar
          version: "@ignore@"
          group: io.jshift
      spec:
        containers:
        - image: busybox
          name: sidecar1
        - env:
          - name: THIS_IS_THE_APP_BECAUSE_THERE_S_NO_NAME
            value: "true"
          - name: KUBERNETES_NAMESPACE
            valueFrom:
              fieldRef:
                fieldPath: metadata.namespace
          image: "@matches('jshift/jshift-maven-sample-sidecar:.*$')@"
          imagePullPolicy: IfNotPresent
          name: spring-boot
          ports:
          - containerPort: 8080
            name: http
            protocol: TCP
          - containerPort: 9779
            name: prometheus
            protocol: TCP
          - containerPort: 8778
            name: jolokia
            protocol: TCP
          securityContext:
            privileged: false
        - image: busybox
          name: sidecar2
    triggers:
    - type: ConfigChange
